// Jest Snapshot v1, https://goo.gl/fbAQLP

exports[`Test if Home matches snapshot matches 1`] = `
Object {
  "asFragment": [Function],
  "baseElement": <body>
    <div>
      <section
        class="wrapper d-flex flex-column align-items-center"
      >
        <div
          class="hero"
        >
          <h2>
            Welcome to Crypto traders
          </h2>
          <div
            class="search-div"
          >
            <input
              placeholder="Search coins"
              type="text"
              value=""
            />
            <button
              type="button"
            >
              <a
                class=""
                href="/search"
              >
                Search
              </a>
            </button>
          </div>
        </div>
        <div
          class="row cryptos d-flex flex-row justify-content-center"
        />
      </section>
    </div>
  </body>,
  "container": <div>
    <section
      class="wrapper d-flex flex-column align-items-center"
    >
      <div
        class="hero"
      >
        <h2>
          Welcome to Crypto traders
        </h2>
        <div
          class="search-div"
        >
          <input
            placeholder="Search coins"
            type="text"
            value=""
          />
          <button
            type="button"
          >
            <a
              class=""
              href="/search"
            >
              Search
            </a>
          </button>
        </div>
      </div>
      <div
        class="row cryptos d-flex flex-row justify-content-center"
      />
    </section>
  </div>,
  "debug": [Function],
  "findAllByAltText": [Function],
  "findAllByDisplayValue": [Function],
  "findAllByLabelText": [Function],
  "findAllByPlaceholderText": [Function],
  "findAllByRole": [Function],
  "findAllByTestId": [Function],
  "findAllByText": [Function],
  "findAllByTitle": [Function],
  "findByAltText": [Function],
  "findByDisplayValue": [Function],
  "findByLabelText": [Function],
  "findByPlaceholderText": [Function],
  "findByRole": [Function],
  "findByTestId": [Function],
  "findByText": [Function],
  "findByTitle": [Function],
  "getAllByAltText": [Function],
  "getAllByDisplayValue": [Function],
  "getAllByLabelText": [Function],
  "getAllByPlaceholderText": [Function],
  "getAllByRole": [Function],
  "getAllByTestId": [Function],
  "getAllByText": [Function],
  "getAllByTitle": [Function],
  "getByAltText": [Function],
  "getByDisplayValue": [Function],
  "getByLabelText": [Function],
  "getByPlaceholderText": [Function],
  "getByRole": [Function],
  "getByTestId": [Function],
  "getByText": [Function],
  "getByTitle": [Function],
  "queryAllByAltText": [Function],
  "queryAllByDisplayValue": [Function],
  "queryAllByLabelText": [Function],
  "queryAllByPlaceholderText": [Function],
  "queryAllByRole": [Function],
  "queryAllByTestId": [Function],
  "queryAllByText": [Function],
  "queryAllByTitle": [Function],
  "queryByAltText": [Function],
  "queryByDisplayValue": [Function],
  "queryByLabelText": [Function],
  "queryByPlaceholderText": [Function],
  "queryByRole": [Function],
  "queryByTestId": [Function],
  "queryByText": [Function],
  "queryByTitle": [Function],
  "rerender": [Function],
  "unmount": [Function],
}
`;
